[
    {
        "id": "__IGNORED_VALUE__",
        "firstName": "John",
        "lastName": "Doe"
    },
    {
        "id": "__IGNORED_VALUE__",
        "firstName": "Jane",
        "lastName": "Doe"
    }
]