{
    "id": "__IGNORED_VALUE__",
    "firstName": "John",
    "lastName": "Doe",
    "email": "john.doe@gmail.com"
}